src/app/api/create-session/route.ts(23,21): error TS2339: Property 'set' does not exist on type 'Promise<ReadonlyRequestCookies>'.
src/app/api/import_excel/route.ts(2,23): error TS2307: Cannot find module 'xlsx' or its corresponding type declarations.
